// Jest Snapshot v1, https://goo.gl/fbAQLP

exports[`<HistoricalJob /> spec renders the component 1`] = `
<div>
  <div
    class="euiPanel euiPanel--paddingMedium"
    style="padding: 20px;"
  >
    <div
      class="euiFlexGroup euiFlexGroup--gutterLarge euiFlexGroup--alignItemsCenter euiFlexGroup--justifyContentSpaceBetween euiFlexGroup--directionRow euiFlexGroup--responsive"
      style="padding: 0px;"
    >
      <div
        class="euiFlexItem"
      >
        <h3
          class="euiTitle euiTitle--small"
          data-test-subj="contentPanelTitle"
        >
          Historical analysis detection
        </h3>
        <div
          class="euiFlexGroup euiFlexGroup--gutterLarge euiFlexGroup--directionRow euiFlexGroup--responsive"
        >
          <div
            class="euiFlexItem content-panel-subTitle"
            style="line-height: normal; max-width: 75%;"
          >
            <div
              class="euiText euiText--medium content-panel-subTitle"
              style="line-height: normal;"
            >
              Historical analysis detection lets you analyze and apply machine learning models over long historical data windows (weeks or months). You can identify anomaly patterns, seasonality, and trends.
               
              <a
                class="euiLink euiLink--primary"
                href="https://opensearch.org/docs/monitoring-plugins/ad"
                rel="noopener noreferrer"
                target="_blank"
              >
                Learn more 
                <svg
                  aria-hidden="true"
                  class="euiIcon euiIcon--small euiIcon-isLoading"
                  focusable="false"
                  height="16"
                  role="img"
                  viewBox="0 0 16 16"
                  width="16"
                  xmlns="http://www.w3.org/2000/svg"
                />
              </a>
            </div>
          </div>
        </div>
      </div>
      <div
        class="euiFlexItem euiFlexItem--flexGrowZero"
      >
        <div
          class="euiFlexGroup euiFlexGroup--gutterMedium euiFlexGroup--alignItemsCenter euiFlexGroup--justifyContentSpaceBetween euiFlexGroup--directionRow euiFlexGroup--responsive"
        >
          <div
            class="euiFlexItem"
          />
        </div>
      </div>
    </div>
    <div>
      <hr
        class="euiHorizontalRule euiHorizontalRule--full euiHorizontalRule--marginSmall"
      />
      <div
        style="padding: 10px 0px;"
      >
        <div
          class="euiFlexGroup euiFlexGroup--gutterLarge euiFlexGroup--directionColumn euiFlexGroup--responsive"
        >
          <div
            class="euiFlexItem"
          >
            <div
              class="euiCheckbox"
            >
              <input
                class="euiCheckbox__input"
                id="historicalCheckbox"
                type="checkbox"
              />
              <div
                class="euiCheckbox__square"
              />
              <label
                class="euiCheckbox__label"
                for="historicalCheckbox"
              >
                Run historical analysis detection
              </label>
            </div>
          </div>
        </div>
      </div>
    </div>
  </div>
</div>
`;
