// Jest Snapshot v1, https://goo.gl/fbAQLP

exports[`<ConfirmModal /> spec Confirm Modal renders component with callout 1`] = `
<div
  aria-hidden="true"
  data-aria-hidden="true"
/>
`;

exports[`<ConfirmModal /> spec Confirm Modal renders component with empty callout 1`] = `
<div
  aria-hidden="true"
  data-aria-hidden="true"
/>
`;
