// Jest Snapshot v1, https://goo.gl/fbAQLP

exports[`CodeModal spec renders the component 1`] = `
<div
  aria-hidden="true"
  data-aria-hidden="true"
/>
`;

exports[`ConfirmUnlinkDetectorModal spec renders the component 1`] = `
<div
  aria-hidden="true"
  data-aria-hidden="true"
/>
`;

exports[`ConfirmUnlinkDetectorModal spec renders the component correctly 1`] = `
<div
  aria-hidden="true"
  data-aria-hidden="true"
/>
`;
