// Jest Snapshot v1, https://goo.gl/fbAQLP

exports[`<RealTimeJob /> spec renders the component 1`] = `
<div>
  <div
    class="euiPanel euiPanel--paddingMedium euiPanel--borderRadiusMedium euiPanel--plain euiPanel--hasShadow"
    style="padding: 20px;"
  >
    <div
      class="euiFlexGroup euiFlexGroup--gutterLarge euiFlexGroup--alignItemsCenter euiFlexGroup--justifyContentSpaceBetween euiFlexGroup--directionRow euiFlexGroup--responsive"
      style="padding: 0px;"
    >
      <div
        class="euiFlexItem"
      >
        <h3
          class="euiTitle euiTitle--small"
          data-test-subj="contentPanelTitle"
        >
          Real-time detection
        </h3>
        <div
          class="euiFlexGroup euiFlexGroup--gutterLarge euiFlexGroup--directionRow euiFlexGroup--responsive"
        >
          <div
            class="euiFlexItem content-panel-subTitle"
            style="line-height: normal; max-width: 75%;"
          >
            <div
              class="euiText euiText--medium content-panel-subTitle"
              style="line-height: normal;"
            >
              Real-time detection lets you find anomalies in your data in near real-time. To receive accurate and real-time anomalies, the detector needs to start and collect sufficient data to include your latest changes. The earlier the detector starts running, the sooner the real-time anomalies will be available.
               
              <a
                class="euiLink euiLink--primary"
                href="https://opensearch.org/docs/monitoring-plugins/ad"
                rel="noopener noreferrer"
                target="_blank"
              >
                Learn more
                <svg
                  aria-hidden="true"
                  aria-label="External link"
                  class="euiIcon euiIcon--small euiIcon-isLoading euiLink__externalIcon"
                  focusable="false"
                  height="16"
                  role="img"
                  viewBox="0 0 16 16"
                  width="16"
                  xmlns="http://www.w3.org/2000/svg"
                >
                  <path
                    d="M5.277 10.088c.02.014.04.03.057.047.582.55 1.134.812 1.666.812.586 0 1.84-.293 3.713-.88L9 6.212V2H7v4.212l-1.723 3.876Zm-.438.987L3.539 14h8.922l-1.32-2.969C9.096 11.677 7.733 12 7 12c-.74 0-1.463-.315-2.161-.925ZM6 2H5V1h6v1h-1v4l3.375 7.594A1 1 0 0 1 12.461 15H3.54a1 1 0 0 1-.914-1.406L6 6V2Z"
                  />
                </svg>
                <span
                  class="euiScreenReaderOnly"
                >
                  (opens in a new tab or window)
                </span>
              </a>
            </div>
          </div>
        </div>
      </div>
      <div
        class="euiFlexItem euiFlexItem--flexGrowZero"
      >
        <div
          class="euiFlexGroup euiFlexGroup--gutterMedium euiFlexGroup--alignItemsCenter euiFlexGroup--justifyContentSpaceBetween euiFlexGroup--directionRow euiFlexGroup--responsive"
        >
          <div
            class="euiFlexItem"
          />
        </div>
      </div>
    </div>
    <div>
      <hr
        class="euiHorizontalRule euiHorizontalRule--full euiHorizontalRule--marginSmall"
      />
      <div
        style="padding: 10px 0px;"
      >
        <div
          class="euiFlexItem"
        >
          <div
            class="euiCheckbox"
          >
            <input
              class="euiCheckbox__input"
              id="realTimeCheckbox"
              type="checkbox"
            />
            <div
              class="euiCheckbox__square"
            />
            <label
              class="euiCheckbox__label"
              for="realTimeCheckbox"
            >
              Start real-time detector automatically (recommended)
            </label>
          </div>
        </div>
      </div>
    </div>
  </div>
</div>
`;
