// Jest Snapshot v1, https://goo.gl/fbAQLP

exports[`<AlertsFlyout /> spec Alerts Flyout renders component with monitor 1`] = `
<div
  aria-hidden="true"
  data-aria-hidden="true"
/>
`;

exports[`<AlertsFlyout /> spec Alerts Flyout renders component with undefined monitor 1`] = `
<div
  aria-hidden="true"
  data-aria-hidden="true"
/>
`;
