// Jest Snapshot v1, https://goo.gl/fbAQLP

exports[`<EmptyForecasterMessage /> spec Empty results renders component with empty message and learn more link 1`] = `
<div
  class="euiEmptyPrompt"
  data-test-subj="emptyForecasterListMessage"
  style="max-width: 45em;"
>
  <span
    class="euiTextColor euiTextColor--subdued"
  >
    <div
      class="euiText euiText--medium"
    >
      <div
        class="euiText euiText--small"
      >
        <p>
          Forecasts appear here.
           
          <a
            class="euiLink euiLink--primary"
            href="https://opensearch.org/docs/latest/observing-your-data/forecast/index/"
            rel="noopener noreferrer"
            target="_blank"
          >
            Learn more
            <svg
              aria-hidden="true"
              aria-label="External link"
              class="euiIcon euiIcon--small euiIcon-isLoading euiLink__externalIcon"
              focusable="false"
              height="16"
              role="img"
              viewBox="0 0 16 16"
              width="16"
              xmlns="http://www.w3.org/2000/svg"
            >
              <path
                d="M5.277 10.088c.02.014.04.03.057.047.582.55 1.134.812 1.666.812.586 0 1.84-.293 3.713-.88L9 6.212V2H7v4.212l-1.723 3.876Zm-.438.987L3.539 14h8.922l-1.32-2.969C9.096 11.677 7.733 12 7 12c-.74 0-1.463-.315-2.161-.925ZM6 2H5V1h6v1h-1v4l3.375 7.594A1 1 0 0 1 12.461 15H3.54a1 1 0 0 1-.914-1.406L6 6V2Z"
              />
            </svg>
            <span
              class="euiScreenReaderOnly"
            >
              (opens in a new tab or window)
            </span>
          </a>
        </p>
      </div>
    </div>
  </span>
  <div
    class="euiSpacer euiSpacer--l"
  />
  <div
    class="euiFlexGroup euiFlexGroup--gutterMedium euiFlexGroup--justifyContentCenter euiFlexGroup--directionRow euiFlexGroup--responsive"
  >
    <div
      class="euiFlexItem euiFlexItem--flexGrowZero"
    >
      <a
        class="euiButton euiButton--primary euiButton--small euiButton--fill"
        data-test-subj="createForecasterButton"
        href="forecasting#/create-forecaster/?"
        rel="noreferrer"
        style="width: 200px;"
      >
        <span
          class="euiButtonContent euiButton__content"
        >
          <svg
            aria-hidden="true"
            class="euiIcon euiIcon--medium euiIcon--inherit euiIcon-isLoading euiButtonContent__icon"
            focusable="false"
            height="16"
            role="img"
            viewBox="0 0 16 16"
            width="16"
            xmlns="http://www.w3.org/2000/svg"
          >
            <path
              d="M5.277 10.088c.02.014.04.03.057.047.582.55 1.134.812 1.666.812.586 0 1.84-.293 3.713-.88L9 6.212V2H7v4.212l-1.723 3.876Zm-.438.987L3.539 14h8.922l-1.32-2.969C9.096 11.677 7.733 12 7 12c-.74 0-1.463-.315-2.161-.925ZM6 2H5V1h6v1h-1v4l3.375 7.594A1 1 0 0 1 12.461 15H3.54a1 1 0 0 1-.914-1.406L6 6V2Z"
            />
          </svg>
          <span
            class="euiButton__text"
          >
            Create forecaster
          </span>
        </span>
      </a>
    </div>
  </div>
</div>
`;

exports[`<EmptyForecasterMessage /> spec Filters results message renders component no result for filters message without learn more link 1`] = `
<div
  class="euiEmptyPrompt"
  data-test-subj="emptyForecasterListMessage"
  style="max-width: 45em;"
>
  <span
    class="euiTextColor euiTextColor--subdued"
  >
    <div
      class="euiText euiText--medium"
    >
      <div
        class="euiText euiText--small"
      >
        <p>
          There are no results for your search. Reset the search criteria to view forecasts.
        </p>
      </div>
    </div>
  </span>
  <div
    class="euiSpacer euiSpacer--l"
  />
  <button
    class="euiButton euiButton--primary euiButton--small euiButton--fill"
    data-test-subj="resetListFilters"
    type="button"
  >
    <span
      class="euiButtonContent euiButton__content"
    >
      <span
        class="euiButton__text"
      >
        Reset search criteria
      </span>
    </span>
  </button>
</div>
`;
