// Jest Snapshot v1, https://jestjs.io/docs/snapshot-testing

exports[`<FeatureBreakDown /> spec renders the component 1`] = `
<div
  class="euiFlexGroup euiFlexGroup--gutterLarge euiFlexGroup--alignItemsFlexEnd euiFlexGroup--directionRow euiFlexGroup--responsive"
>
  <div
    class="euiFlexItem"
  >
    <h4
      class="euiTitle euiTitle--small preview-title"
    >
      test
    </h4>
    <div
      class="euiSpacer euiSpacer--s"
    />
  </div>
</div>
`;
